// Jest Snapshot v1, https://goo.gl/fbAQLP

exports[`renders 1`] = `
.c0 {
  padding: 1.5rem;
  font-family: -apple-system,BlinkMacSystemFont,"Segoe UI",sans-serif;
  font-weight: 400;
  -webkit-text-size-adjust: 100%;
  text-size-adjust: 100%;
  -webkit-font-smoothing: antialiased;
  -webkit-letter-spacing: 0.1px;
  -moz-letter-spacing: 0.1px;
  -ms-letter-spacing: 0.1px;
  letter-spacing: 0.1px;
  border-radius: 8px;
  box-shadow: 0 2px 8px 0 rgba(0,0,0,0.1);
  position: relative;
}

.c0 a.cv-link {
  position: absolute;
  top: 0.5rem;
  right: 0.5rem;
  width: 1.25rem;
  height: 1.25rem;
}

.c0 a.cv-link img {
  display: block;
  width: 100%;
  height: 100%;
}

.c0 > div:nth-of-type(1) {
  float: left;
  margin-right: 1rem;
  margin-bottom: 1rem;
  padding: 0.25rem;
  width: 96px;
  background-color: white;
  border-radius: 4px;
}

.c0 > div:nth-of-type(1) > img {
  display: block;
  width: 100%;
  height: 96px;
  border: 0;
  border-top-left-radius: 4px;
  border-top-right-radius: 4px;
  background-color: red;
}

.c0 > div:nth-of-type(1) > p {
  text-align: center;
  color: rgb(204,204,204);
}

.c0 > div:nth-of-type(1) img + p {
  margin-top: 0.5rem;
  font-size: 0.8rem;
}

.c0 > div:nth-of-type(2) {
  margin-left: calc(96px + 1.5rem);
}

.c0 > div:nth-of-type(2) p:first-child {
  margin-top: 0.25rem;
}

.c0 > div:nth-of-type(2) h1 {
  font-size: 1.25rem;
  line-height: 1.25rem;
  font-weight: 800;
  color: rgb(96,96,96);
  -webkit-letter-spacing: -0.5px;
  -moz-letter-spacing: -0.5px;
  -ms-letter-spacing: -0.5px;
  letter-spacing: -0.5px;
  margin-top: 0.75rem;
}

.c0 > div:nth-of-type(2) h1 > span {
  margin-left: 2px;
  color: rgb(204,204,204);
}

.c0 > div:nth-of-type(2) p {
  font-size: 0.8rem;
  line-height: 1rem;
  color: rgb(48,48,48);
}

.c0 > div:nth-of-type(2) h1 + p {
  margin-top: 0.5rem;
}

.c0 > div:nth-of-type(2) p + a {
  margin-top: 1rem;
}

.c0 > div:nth-of-type(2) p + p {
  margin-top: 0.5rem;
}

<section
  className="c0"
  style={
    Object {
      "backgroundColor": "rgb(255, 255, 255)",
    }
  }
>
  content
</section>
`;
