// Jest Snapshot v1, https://goo.gl/fbAQLP

exports[`renders 1`] = `
.c0 {
  font-family: -apple-system,BlinkMacSystemFont,"Segoe UI",sans-serif;
  font-size: 3rem;
  line-height: 2rem;
  font-weight: 800;
  -webkit-font-smoothing: antialiased;
  color: rgb(204,204,204);
  line-height: 3rem;
  -webkit-letter-spacing: -2px;
  -moz-letter-spacing: -2px;
  -ms-letter-spacing: -2px;
  letter-spacing: -2px;
}

<h1
  className="c0"
/>
`;
